✓ [285c1896-300e-4410-b2f5-0fb0d4a1393d] Incoming request → GET /
✓ [285c1896-300e-4410-b2f5-0fb0d4a1393d] Response sent → Status: 304
✓ [bcbffdca-f28f-477a-a315-785f91ff3089] Incoming request → GET /about
✓ [bcbffdca-f28f-477a-a315-785f91ff3089] Response sent → Status: 304
✓ [b9551092-0174-459b-a6c8-e44ea342029e] Incoming request → GET /users/test-email
✓ [b9551092-0174-459b-a6c8-e44ea342029e] Response sent → Status: 304
✓ [d76283eb-a47c-41ee-97a7-7fe27efe6944] Incoming request → GET /.well-known/appspecific/com.chrome.devtools.json
✓ [d76283eb-a47c-41ee-97a7-7fe27efe6944] Response sent → Status: 404
✓ [8e6efde1-796a-4665-8e44-d71c9eeb743b] Incoming request → GET /users/test-email
✓ [8e6efde1-796a-4665-8e44-d71c9eeb743b] Response sent → Status: 304
✓ [6962b971-bfaa-4c2c-b4e4-e4d85e5a62d9] Incoming request → GET /.well-known/appspecific/com.chrome.devtools.json
✓ [6962b971-bfaa-4c2c-b4e4-e4d85e5a62d9] Response sent → Status: 404
✓ [e5d32ad5-88ba-46f2-af0c-a08b9ac87231] Incoming request → GET /
✓ [e5d32ad5-88ba-46f2-af0c-a08b9ac87231] Response sent → Status: 200
✓ [342fe962-34e3-4a0e-bb36-3794d4841ecf] Incoming request → GET /api-docs
✓ [342fe962-34e3-4a0e-bb36-3794d4841ecf] Response sent → Status: 301
✓ [24d9ee87-ba0f-4218-8893-86b594c31441] Incoming request → GET /api-docs/
✓ [24d9ee87-ba0f-4218-8893-86b594c31441] Response sent → Status: 200
✓ [54928e08-08cb-4160-b4b3-80ee42a610db] Incoming request → GET /api-docs/swagger-ui.css
✓ [42db5329-8acd-4d69-b6f1-bfb71d204f14] Incoming request → GET /api-docs/swagger-ui-bundle.js
✓ [da3638cf-d9ac-45c7-8eff-44790ccb60c2] Incoming request → GET /api-docs/swagger-ui-standalone-preset.js
✓ [da3638cf-d9ac-45c7-8eff-44790ccb60c2] Response sent → Status: 429
✓ [5dcbce40-2b2c-45ea-b9fc-344e7dbd0839] Incoming request → GET /api-docs/swagger-ui-init.js
✓ [5dcbce40-2b2c-45ea-b9fc-344e7dbd0839] Response sent → Status: 429
✓ [54928e08-08cb-4160-b4b3-80ee42a610db] Response sent → Status: 200
✓ [42db5329-8acd-4d69-b6f1-bfb71d204f14] Response sent → Status: 200
✓ [050b6306-268d-4ea7-a5b4-b352c687ab49] Incoming request → GET /api-docs/favicon-32x32.png
✓ [050b6306-268d-4ea7-a5b4-b352c687ab49] Response sent → Status: 429
✓ [9bc040ef-5757-45ac-871b-c95c16f59ebd] Incoming request → GET /api-docs/favicon-16x16.png
✓ [9bc040ef-5757-45ac-871b-c95c16f59ebd] Response sent → Status: 429
✓ [c723cd88-0820-409d-a2b0-88109ea4d68b] Incoming request → GET /
✓ [c723cd88-0820-409d-a2b0-88109ea4d68b] Response sent → Status: 304
✓ [2239048a-ad8e-4715-9245-b286cdaeaa28] Incoming request → GET /api-docs/
✓ [2239048a-ad8e-4715-9245-b286cdaeaa28] Response sent → Status: 304
✓ [89b2b7f6-33aa-4fa9-9e4a-20455b8ab647] Incoming request → GET /api-docs/swagger-ui.css
✓ [89b2b7f6-33aa-4fa9-9e4a-20455b8ab647] Response sent → Status: 304
✓ [9d86f7ba-d2dc-4641-aa61-ad3c2310c5f7] Incoming request → GET /api-docs/swagger-ui-standalone-preset.js
✓ [118e3bb1-4acb-4e0f-86b6-cd7e0d055f0c] Incoming request → GET /api-docs/swagger-ui-init.js
✓ [118e3bb1-4acb-4e0f-86b6-cd7e0d055f0c] Response sent → Status: 200
✓ [feec676e-8a9b-4440-800b-489b56f700c8] Incoming request → GET /api-docs/swagger-ui-bundle.js
✓ [feec676e-8a9b-4440-800b-489b56f700c8] Response sent → Status: 429
✓ [9d86f7ba-d2dc-4641-aa61-ad3c2310c5f7] Response sent → Status: 200
✓ [98ed06c6-918b-4747-81a9-af4063d72d9d] Incoming request → GET /api-docs/favicon-32x32.png
✓ [98ed06c6-918b-4747-81a9-af4063d72d9d] Response sent → Status: 429
✓ [7777d46b-5598-4957-af5f-29d305ae46fc] Incoming request → GET /api-docs/favicon-16x16.png
✓ [7777d46b-5598-4957-af5f-29d305ae46fc] Response sent → Status: 429
✓ [dabfc59c-1df0-45fe-a532-ca2d921ec2ab] Incoming request → GET /users/register
✓ [dabfc59c-1df0-45fe-a532-ca2d921ec2ab] Response sent → Status: 429
✓ [4c19a3e3-89a6-4e2e-a2ab-fe190fe84c1a] Incoming request → GET /
✓ [4c19a3e3-89a6-4e2e-a2ab-fe190fe84c1a] Response sent → Status: 304
✓ [d127c8f3-969c-4d27-b5fd-4616694bf65a] Incoming request → GET /users/register
✓ [d127c8f3-969c-4d27-b5fd-4616694bf65a] Response sent → Status: 404
✓ [35652a80-5285-45dc-aff5-00ac68003d4d] Incoming request → GET /users/test-email/
✓ [35652a80-5285-45dc-aff5-00ac68003d4d] Response sent → Status: 200
✓ [b314fc26-7398-43dd-8c74-668674e764c0] Incoming request → GET /api-docs/
✓ [b314fc26-7398-43dd-8c74-668674e764c0] Response sent → Status: 304
✓ [74de127c-7355-4024-a82c-a76e4d13f6e6] Incoming request → GET /api-docs/swagger-ui.css
✓ [74de127c-7355-4024-a82c-a76e4d13f6e6] Response sent → Status: 304
✓ [a684029c-e8d2-4a46-b017-2f2b2d0f56d0] Incoming request → GET /api-docs/swagger-ui-bundle.js
✓ [a684029c-e8d2-4a46-b017-2f2b2d0f56d0] Response sent → Status: 429
✓ [9807bf16-a22a-4652-a0d4-3fc70cadc941] Incoming request → GET /api-docs/swagger-ui-standalone-preset.js
✓ [9807bf16-a22a-4652-a0d4-3fc70cadc941] Response sent → Status: 429
✓ [9115487d-bf44-488a-95a0-902c39459e2e] Incoming request → GET /api-docs/swagger-ui-init.js
✓ [9115487d-bf44-488a-95a0-902c39459e2e] Response sent → Status: 429
✓ [59a69809-ca14-4fde-bc51-b6b973c74c82] Incoming request → GET /api-docs/favicon-32x32.png
✓ [59a69809-ca14-4fde-bc51-b6b973c74c82] Response sent → Status: 429
✓ [dcd224eb-8b25-47da-a5ed-a8dffd4e0dcd] Incoming request → GET /api-docs/favicon-16x16.png
✓ [dcd224eb-8b25-47da-a5ed-a8dffd4e0dcd] Response sent → Status: 429
✓ [17b8b736-20fe-4f46-ab8b-0a6ae807acce] Incoming request → GET /api-docs/
✓ [17b8b736-20fe-4f46-ab8b-0a6ae807acce] Response sent → Status: 304
✓ [2e9670a6-c1d5-415b-b287-d844ea3f4f57] Incoming request → GET /api-docs/swagger-ui.css
✓ [10827f34-8708-423f-a925-9b4dd02474b4] Incoming request → GET /api-docs/swagger-ui-bundle.js
✓ [e529cd40-971e-4f21-9d10-06596980cb53] Incoming request → GET /api-docs/swagger-ui-standalone-preset.js
✓ [7a7504f1-18f0-492a-9071-72bb970f710b] Incoming request → GET /api-docs/swagger-ui-init.js
✓ [7a7504f1-18f0-492a-9071-72bb970f710b] Response sent → Status: 200
✓ [2e9670a6-c1d5-415b-b287-d844ea3f4f57] Response sent → Status: 304
✓ [e529cd40-971e-4f21-9d10-06596980cb53] Response sent → Status: 200
✓ [10827f34-8708-423f-a925-9b4dd02474b4] Response sent → Status: 200
✓ [14c732d6-4a14-419e-b743-364b4f40eb28] Incoming request → GET /api-docs/favicon-32x32.png
✓ [14c732d6-4a14-419e-b743-364b4f40eb28] Response sent → Status: 429
✓ [b6189c0f-9ec8-442e-84e3-9074a00722b6] Incoming request → GET /api-docs/favicon-16x16.png
✓ [b6189c0f-9ec8-442e-84e3-9074a00722b6] Response sent → Status: 429
✓ [63cc2fd8-792b-420c-bd1a-f649d1b25941] Incoming request → GET /api-docs/favicon-32x32.png
✓ [63cc2fd8-792b-420c-bd1a-f649d1b25941] Response sent → Status: 429
✓ [c1dd7098-b112-42d3-9edb-f2f9b92311c3] Incoming request → GET /api-docs/favicon-16x16.png
✓ [c1dd7098-b112-42d3-9edb-f2f9b92311c3] Response sent → Status: 429
✓ [9202451c-1827-44a5-b62c-ece14270756e] Incoming request → GET /api-docs/favicon-32x32.png
✓ [9202451c-1827-44a5-b62c-ece14270756e] Response sent → Status: 429
✓ [68fa4f50-c8ea-4023-aec3-6066d6703a50] Incoming request → GET /api-docs/favicon-16x16.png
✓ [68fa4f50-c8ea-4023-aec3-6066d6703a50] Response sent → Status: 429
✓ [649ef67b-9084-4a70-88c7-5bd2345eb308] Incoming request → GET /api-docs/favicon-32x32.png
✓ [649ef67b-9084-4a70-88c7-5bd2345eb308] Response sent → Status: 429
✓ [298c3823-6c29-4936-83ec-224aac23657b] Incoming request → GET /api-docs/favicon-16x16.png
✓ [298c3823-6c29-4936-83ec-224aac23657b] Response sent → Status: 429
